// Jest Snapshot v1, https://goo.gl/fbAQLP

exports[`Renders correctly with snapshot 1`] = `
<div
  className="main"
>
  <h1>
    ANSWER: 
  </h1>
  <h1
    id="value"
  >
    VALUE: 
  </h1>
  <div>
    <button
      onClick={[Function]}
    >
      Clear
    </button>
    <button
      onClick={[Function]}
    >
      +/-
    </button>
    <button
      onClick={[Function]}
    >
      _
    </button>
    <button
      onClick={[Function]}
    >
      /
    </button>
  </div>
  <div>
    <button
      onClick={[Function]}
    >
      1
    </button>
    <button
      onClick={[Function]}
    >
      2
    </button>
    <button
      onClick={[Function]}
    >
      3
    </button>
    <button
      onClick={[Function]}
    >
      x
    </button>
  </div>
  <div>
    <button
      onClick={[Function]}
    >
      4
    </button>
    <button
      onClick={[Function]}
    >
      5
    </button>
    <button
      onClick={[Function]}
    >
      6
    </button>
    <button
      onClick={[Function]}
    >
      -
    </button>
  </div>
  <div>
    <button
      onClick={[Function]}
    >
      7
    </button>
    <button
      onClick={[Function]}
    >
      8
    </button>
    <button
      onClick={[Function]}
    >
      9
    </button>
    <button
      onClick={[Function]}
    >
      +
    </button>
  </div>
  <div>
    <button
      onClick={[Function]}
    >
      0
    </button>
    <button
      onClick={[Function]}
    >
      .
    </button>
    <button
      onClick={[Function]}
    >
      &lt;
    </button>
    <button
      onClick={[Function]}
    >
      =
    </button>
  </div>
</div>
`;
